// Jest Snapshot v1, https://goo.gl/fbAQLP

exports[`Test Suite de vista About Test1 - Matchea el snapshot de la vista About Correctamente 1`] = `
<div class="about">
  <h1>This is an about page</h1>
</div>
`;

exports[`Test Suite de vista Contact Test1 - Matchea el snapshot de la vista Contact Correctamente 1`] = `<div class="home">Contacto</div>`;

exports[`Test de vista About Match de snapshot con AboutView.vue 1`] = `
<div class="about">
  <h1>This is an about page</h1>
</div>
`;

exports[`Tests de vista About Test1 - Matchea el snapshot de la vista About Correctamente 1`] = `
<div class="about">
  <h1>This is an about page</h1>
</div>
`;

exports[`Tests de vista Contact Test1 - Matchea el snapshot de la vista Contact Correctamente 1`] = `<div class="home">Contacto</div>`;
